<html><head><meta http-equiv="content-type" content="text/html; charset=UTF-8"/><title>DATAWAVE - Edge Dictionary</title><link rel='stylesheet' type='text/css' href='/screen.css' media='screen' /><link rel='stylesheet' type='text/css' href='/screen.css' media='screen' /></head><body><h1>Edge Dictionary</h1><div><div><ul><li class="left">Edge Type: Defined either by Datawave Configuration files or Edge enrichment field.</li><li class="left">Edge Relationship: Defined by Datawave Configuration files</li><li class="left">Edge Attribute1 Source: Defined by Datawave Configuration files and optional attributes Attribute2 and Attribute3</li><li class="left">Fields: List of Field Name pairs used to generate this edge type.</li><li class="left">Fields Format:<pre>[Source Field, Target Field | Enrichment Field=Enrichment Field Value]</pre></li><li class="left">Date: start date of edge type creation, format: yyyyMMdd</li></ul></div><table id="myTable" class="creds"> <thead><tr><th>Edge Type</th><th>Edge Relationship</th><th>Edge Attribute1 Source</th><th>Fields</th><th>Date</th></tr></thead><tbody><tr class="highlight"><td>TV_SHOW_CAST</td><td>SHOW-PERSON</td><td>TVMAZE_METADATA-TVMAZE_METADATA</td><td>[ID,EMBEDDED_CAST_PERSON_NAME | | ], [NAME,EMBEDDED_CAST_PERSON_NAME | | ]</td><td>20180921</td></td></tr><tr><td>ASSOCIATION</td><td>CONTRIBUTORID-CONTRIBUTOR</td><td>WIKI_PAGE_METADATA-WIKI_PAGE_METADATA</td><td>[CONTRIBUTOR_ID,CONTRIBUTOR_USERNAME | | ]</td><td>20130305</td></td></tr><tr class="highlight"><td>REVISION</td><td>REVISIONID-PAGEID</td><td>WIKI_PAGE_METADATA-WIKI_PAGE_METADATA</td><td>[REVISION_ID,PAGE_ID | | ]</td><td>20130305</td></td></tr><tr><td>ASSOCIATION</td><td>PAGE-PAGEID</td><td>WIKI_PAGE_METADATA-WIKI_PAGE_METADATA</td><td>[PAGE_TITLE,PAGE_ID | | ]</td><td>20130305</td></td></tr><tr class="highlight"><td>TV_COSTARS</td><td>PERSON-PERSON</td><td>TVMAZE_METADATA-TVMAZE_METADATA</td><td>[EMBEDDED_CAST_PERSON_NAME,EMBEDDED_CAST_PERSON_NAME | | ]</td><td>20180921</td></td></tr><tr><td>CONTRIBUTION</td><td>PAGEID-CONTRIBUTORID</td><td>WIKI_PAGE_METADATA-WIKI_PAGE_METADATA</td><td>[PAGE_ID,CONTRIBUTOR_ID | | ]</td><td>20130305</td></td></tr><tr class="highlight"><td>TV_CHARACTERS</td><td>CHARACTER-PERSON</td><td>TVMAZE_METADATA-TVMAZE_METADATA</td><td>[EMBEDDED_CAST_CHARACTER_NAME,EMBEDDED_CAST_PERSON_NAME | | ]</td><td>20180921</td></td></tr><tr><td>REDIRECT</td><td>PAGE-REDIRECT</td><td>WIKI_PAGE_METADATA-WIKI_PAGE_METADATA</td><td>[PAGE_TITLE,PAGE_REDIRECT_TITLE | | ]</td><td>20130305</td></td></tr><tr class="highlight"><td>ASSOCIATION</td><td>PAGEID-PAGE</td><td>WIKI_PAGE_METADATA-WIKI_PAGE_METADATA</td><td>[PAGE_ID,PAGE_TITLE | | ]</td><td>20130305</td></td></tr><tr><td>REVISION</td><td>PAGEID-REVISIONID</td><td>WIKI_PAGE_METADATA-WIKI_PAGE_METADATA</td><td>[PAGE_ID,REVISION_ID | | ]</td><td>20130305</td></td></tr><tr class="highlight"><td>REVISION</td><td>CONTRIBUTORID-REVISIONID</td><td>WIKI_PAGE_METADATA-WIKI_PAGE_METADATA</td><td>[CONTRIBUTOR_ID,REVISION_ID | | ]</td><td>20130305</td></td></tr><tr><td>ASSOCIATION</td><td>CONTRIBUTOR-CONTRIBUTORID</td><td>WIKI_PAGE_METADATA-WIKI_PAGE_METADATA</td><td>[CONTRIBUTOR_USERNAME,CONTRIBUTOR_ID | | ]</td><td>20130305</td></td></tr><tr class="highlight"><td>TV_CHARACTERS</td><td>PERSON-CHARACTER</td><td>TVMAZE_METADATA-TVMAZE_METADATA</td><td>[EMBEDDED_CAST_PERSON_NAME,EMBEDDED_CAST_CHARACTER_NAME | | ]</td><td>20180921</td></td></tr><tr><td>CONTRIBUTION</td><td>CONTRIBUTORID-PAGEID</td><td>WIKI_PAGE_METADATA-WIKI_PAGE_METADATA</td><td>[CONTRIBUTOR_ID,PAGE_ID | | ]</td><td>20130305</td></td></tr><tr class="highlight"><td>TV_SHOW_CAST</td><td>PERSON-SHOW</td><td>TVMAZE_METADATA-TVMAZE_METADATA</td><td>[EMBEDDED_CAST_PERSON_NAME,ID | | ], [EMBEDDED_CAST_PERSON_NAME,NAME | | ]</td><td>20180921</td></td></tr><tr><td>REDIRECT</td><td>REDIRECT-PAGE</td><td>WIKI_PAGE_METADATA-WIKI_PAGE_METADATA</td><td>[PAGE_REDIRECT_TITLE,PAGE_TITLE | | ]</td><td>20130305</td></td></tr><tr class="highlight"><td>REVISION</td><td>REVISIONID-CONTRIBUTORID</td><td>WIKI_PAGE_METADATA-WIKI_PAGE_METADATA</td><td>[REVISION_ID,CONTRIBUTOR_ID | | ]</td><td>20130305</td></td></tr></tbody></table> </div><br/></body></html> 