<html><head><meta http-equiv="content-type" content="text/html; charset=UTF-8"/><title>DATAWAVE - Void Response</title><link rel='stylesheet' type='text/css' href='/screen.css' media='screen' /></head><body><h1>datawave.webservice.result.VoidResponse</h1><div><b>MESSAGES:</b><br/>73f22230-5bea-4c14-bc44-b2ee1d610667 closed.<br/><b>EXCEPTIONS:</b><br/></div><br/></body></html> 