<html><head><meta http-equiv="content-type" content="text/html; charset=UTF-8"/><title>DATAWAVE - Deployed Query Logic</title><link rel='stylesheet' type='text/css' href='/screen.css' media='screen' /></head><body><h1>Deployed Query Logic</h1><div><table> <tr><th>Name</th><th>Description</th><th>Optional Parameters</th><th>Required Parameters</th><th>Example Queries</th><th>Response Class</th><th>AuditType</th><th>Query Syntax</th></tr><tr class="highlight"><td>ContentQuery</td><td>Query that returns a document given the document identifier</td><td>content.view.all<br>content.view.name</td><td></td><td></td><td><a href='/DataWave/doc/javadocs/datawave/webservice/result/DefaultEventQueryResponse.html'>DefaultEventQueryResponse</a></td><td>NONE</td><td>CUSTOM</td></tr><tr><td>CountQuery</td><td>Retrieve event/document counts based on your search criteria</td><td>begin<br>blacklisted.fields<br>compress.server.side.results<br>datatype.filter.set<br>date.index.time.travel<br>end<br>filter.masked.values<br>group.fields<br>hit.list<br>include.datatype.as.field<br>include.grouping.context<br>limit.fields<br>log.timing.details<br>max.results.override<br>model.name<br>model.table.name<br>postprocessing.classes<br>query.syntax<br>raw.data.only<br>reduced.response<br>return.fields<br>transform.content.to.uid<br>type.metadata.in.hdfs<br>unique.fields</td><td></td><td></td><td><a href='/DataWave/doc/javadocs/datawave/webservice/result/DefaultEventQueryResponse.html'>DefaultEventQueryResponse</a></td><td>NONE</td><td>JEXL<br>LUCENE<br>LUCENE-UUID<br>TOKENIZED-LUCENE</td></tr><tr class="highlight"><td>DiscoveryQuery</td><td>Discovery query that returns information from the index about the supplied term(s)</td><td>begin<br>datatype.filter.set<br>end<br>model.name<br>model.table.name<br>separate.counts.by.colvis</td><td></td><td></td><td><a href='/DataWave/doc/javadocs/datawave/webservice/result/DefaultEventQueryResponse.html'>DefaultEventQueryResponse</a></td><td>NONE</td><td>CUSTOM</td></tr><tr><td>EdgeEventQuery</td><td>Use results of an EdgeQuery to obtain events/documents that created the given edge</td><td>begin<br>blacklisted.fields<br>compress.server.side.results<br>datatype.filter.set<br>date.index.time.travel<br>end<br>filter.masked.values<br>group.fields<br>hit.list<br>include.datatype.as.field<br>include.grouping.context<br>limit.fields<br>log.timing.details<br>max.results.override<br>model.name<br>model.table.name<br>postprocessing.classes<br>query.syntax<br>raw.data.only<br>reduced.response<br>return.fields<br>transform.content.to.uid<br>type.metadata.in.hdfs<br>unique.fields</td><td></td><td></td><td><a href='/DataWave/doc/javadocs/datawave/webservice/result/DefaultEventQueryResponse.html'>DefaultEventQueryResponse</a></td><td>NONE</td><td>JEXL<br>LUCENE<br>LUCENE-UUID<br>TOKENIZED-LUCENE</td></tr><tr class="highlight"><td>EdgeQuery</td><td>Retrieve graph edges matching the search term(s)</td><td>begin<br>datatype.filter.set<br>date.type<br>edgeTypes<br>end<br>max.results.override<br>stats</td><td></td><td></td><td><a href='/DataWave/doc/javadocs/datawave/webservice/result/DefaultEdgeQueryResponse.html'>DefaultEdgeQueryResponse</a></td><td>NONE</td><td>CUSTOM</td></tr><tr><td>ErrorCountQuery</td><td>Retrieve counts of errored events based on your search criteria</td><td>begin<br>blacklisted.fields<br>compress.server.side.results<br>datatype.filter.set<br>date.index.time.travel<br>end<br>filter.masked.values<br>group.fields<br>hit.list<br>include.datatype.as.field<br>include.grouping.context<br>limit.fields<br>log.timing.details<br>max.results.override<br>model.name<br>model.table.name<br>postprocessing.classes<br>query.syntax<br>raw.data.only<br>reduced.response<br>return.fields<br>transform.content.to.uid<br>type.metadata.in.hdfs<br>unique.fields</td><td></td><td></td><td><a href='/DataWave/doc/javadocs/datawave/webservice/result/DefaultEventQueryResponse.html'>DefaultEventQueryResponse</a></td><td>NONE</td><td>JEXL<br>LUCENE<br>LUCENE-UUID<br>TOKENIZED-LUCENE</td></tr><tr class="highlight"><td>ErrorDiscoveryQuery</td><td>Discovery query that returns information from the ingest errors index about the supplied term(s)</td><td>begin<br>datatype.filter.set<br>end<br>model.name<br>model.table.name<br>separate.counts.by.colvis</td><td></td><td></td><td><a href='/DataWave/doc/javadocs/datawave/webservice/result/DefaultEventQueryResponse.html'>DefaultEventQueryResponse</a></td><td>NONE</td><td>CUSTOM</td></tr><tr><td>ErrorEventQuery</td><td>Retrieve events/documents that encountered one or more errors during ingest</td><td>begin<br>blacklisted.fields<br>compress.server.side.results<br>datatype.filter.set<br>date.index.time.travel<br>end<br>filter.masked.values<br>group.fields<br>hit.list<br>include.datatype.as.field<br>include.grouping.context<br>limit.fields<br>log.timing.details<br>max.results.override<br>model.name<br>model.table.name<br>postprocessing.classes<br>query.syntax<br>raw.data.only<br>reduced.response<br>return.fields<br>transform.content.to.uid<br>type.metadata.in.hdfs<br>unique.fields</td><td></td><td></td><td><a href='/DataWave/doc/javadocs/datawave/webservice/result/DefaultEventQueryResponse.html'>DefaultEventQueryResponse</a></td><td>NONE</td><td>JEXL<br>LUCENE<br>LUCENE-UUID<br>TOKENIZED-LUCENE</td></tr><tr class="highlight"><td>ErrorFieldIndexCountQuery</td><td>FieldIndex count query (experimental)</td><td>datatype.filter.set<br>model.name<br>model.table.name</td><td></td><td></td><td><a href='/DataWave/doc/javadocs/datawave/webservice/result/DefaultEventQueryResponse.html'>DefaultEventQueryResponse</a></td><td>NONE</td><td>CUSTOM</td></tr><tr><td>EventQuery</td><td>Query the sharded event/document schema, leveraging the global index tables as needed</td><td>begin<br>blacklisted.fields<br>compress.server.side.results<br>datatype.filter.set<br>date.index.time.travel<br>end<br>filter.masked.values<br>group.fields<br>hit.list<br>include.datatype.as.field<br>include.grouping.context<br>limit.fields<br>log.timing.details<br>max.results.override<br>model.name<br>model.table.name<br>postprocessing.classes<br>query.syntax<br>raw.data.only<br>reduced.response<br>return.fields<br>transform.content.to.uid<br>type.metadata.in.hdfs<br>unique.fields</td><td></td><td></td><td><a href='/DataWave/doc/javadocs/datawave/webservice/result/DefaultEventQueryResponse.html'>DefaultEventQueryResponse</a></td><td>NONE</td><td>JEXL<br>LUCENE<br>LUCENE-UUID<br>TOKENIZED-LUCENE</td></tr><tr class="highlight"><td>FieldIndexCountQuery</td><td>Indexed Fields Only: Given FIELDNAME returns counts for each unique value. Given FIELDNAME:FIELDVALUE returns count for only that value.</td><td>datatype.filter.set<br>model.name<br>model.table.name</td><td></td><td></td><td><a href='/DataWave/doc/javadocs/datawave/webservice/result/DefaultEventQueryResponse.html'>DefaultEventQueryResponse</a></td><td>NONE</td><td>CUSTOM</td></tr><tr><td>HitHighlights</td><td>Fast boolean query over indexed fields, only returning fields queried on</td><td>begin<br>blacklisted.fields<br>compress.server.side.results<br>datatype.filter.set<br>date.index.time.travel<br>end<br>filter.masked.values<br>group.fields<br>hit.list<br>include.datatype.as.field<br>include.grouping.context<br>limit.fields<br>log.timing.details<br>max.results.override<br>model.name<br>model.table.name<br>postprocessing.classes<br>query.syntax<br>raw.data.only<br>reduced.response<br>return.fields<br>transform.content.to.uid<br>type.metadata.in.hdfs<br>unique.fields</td><td></td><td></td><td><a href='/DataWave/doc/javadocs/datawave/webservice/result/DefaultEventQueryResponse.html'>DefaultEventQueryResponse</a></td><td>NONE</td><td>JEXL<br>LUCENE<br>LUCENE-UUID</td></tr><tr class="highlight"><td>IndexStatsQuery</td><td>Not configured</td><td>datatype.filter.set</td><td></td><td></td><td><a href='/DataWave/doc/javadocs/datawave/webservice/query/result/istat/IndexStatsResponse.html'>IndexStatsResponse</a></td><td>NONE</td><td>CUSTOM</td></tr><tr><td>LuceneUUIDEventQuery</td><td>Composite query logic that retrieves records from the event and error tables, based on known UUID fields, ie, those configured via UUIDTypeList in QueryLogicFactory.xml</td><td>begin<br>blacklisted.fields<br>compress.server.side.results<br>datatype.filter.set<br>date.index.time.travel<br>end<br>filter.masked.values<br>group.fields<br>hit.list<br>include.datatype.as.field<br>include.grouping.context<br>limit.fields<br>log.timing.details<br>max.results.override<br>model.name<br>model.table.name<br>postprocessing.classes<br>query.syntax<br>raw.data.only<br>reduced.response<br>return.fields<br>transform.content.to.uid<br>type.metadata.in.hdfs<br>unique.fields</td><td></td><td>null</td><td><a href='/DataWave/doc/javadocs/datawave/webservice/result/DefaultEventQueryResponse.html'>DefaultEventQueryResponse</a></td><td>NONE</td><td>CUSTOM</td></tr><tr class="highlight"><td>QueryMetricsQuery</td><td>Retrieve query metrics based on the given search term(s)</td><td>begin<br>blacklisted.fields<br>compress.server.side.results<br>datatype.filter.set<br>date.index.time.travel<br>end<br>filter.masked.values<br>group.fields<br>hit.list<br>include.datatype.as.field<br>include.grouping.context<br>limit.fields<br>log.timing.details<br>max.results.override<br>model.name<br>model.table.name<br>postprocessing.classes<br>query.syntax<br>raw.data.only<br>reduced.response<br>return.fields<br>transform.content.to.uid<br>type.metadata.in.hdfs<br>unique.fields</td><td></td><td></td><td><a href='/DataWave/doc/javadocs/datawave/webservice/result/DefaultEventQueryResponse.html'>DefaultEventQueryResponse</a></td><td>NONE</td><td>JEXL<br>LUCENE<br>LUCENE-UUID<br>TOKENIZED-LUCENE</td></tr></table> </div><br/></body></html> 