<html><head><meta http-equiv="content-type" content="text/html; charset=UTF-8"/><title>DATAWAVE - Void Response</title><link rel='stylesheet' type='text/css' href='/screen.css' media='screen' /></head><body><h1>datawave.webservice.result.VoidResponse</h1><div><b>MESSAGES:</b><br/>2cc405f8-ec75-4b3d-b88a-a7a8ca655dd7 closed.<br/><b>EXCEPTIONS:</b><br/></div><br/></body></html> 