<html><head><meta http-equiv="content-type" content="text/html; charset=UTF-8"/><title>DATAWAVE - Void Response</title><link rel='stylesheet' type='text/css' href='/screen.css' media='screen' /></head><body><h1>datawave.webservice.result.VoidResponse</h1><div><b>MESSAGES:</b><br/><b>EXCEPTIONS:</b><br/>datawave.webservice.query.exception.QueryExceptionType@1078e445, datawave.webservice.query.exception.QueryExceptionType$1@2c0a6daf<br/></div><br/></body></html> 