<html><head><meta http-equiv="content-type" content="text/html; charset=UTF-8"/><title>DATAWAVE - Void Response</title><link rel='stylesheet' type='text/css' href='/screen.css' media='screen' /></head><body><h1>datawave.webservice.result.VoidResponse</h1><div><b>MESSAGES:</b><br/>441ba21e-9934-49d8-a41c-aa20934f6fdd closed.<br/><b>EXCEPTIONS:</b><br/></div><br/></body></html> 