<html><head><meta http-equiv="content-type" content="text/html; charset=UTF-8"/><title>DATAWAVE - Void Response</title><link rel='stylesheet' type='text/css' href='/screen.css' media='screen' /></head><body><h1>datawave.webservice.result.VoidResponse</h1><div><b>MESSAGES:</b><br/>d03d6472-a56b-448d-b6c7-b378adf8bb3c closed.<br/><b>EXCEPTIONS:</b><br/></div><br/></body></html> 