{"Events":[{"Fields":[{"Markings":{"entry":[{"key":"columnVisibility","value":"PRIVATE|(BAR&FOO)"}]},"Value":{"type":"xs:string","value":"113"},"columnVisibility":"PRIVATE|(BAR&FOO)","name":"TERM_COUNT","timestamp":1537534853937},{"Markings":{"entry":[{"key":"columnVisibility","value":"PRIVATE|(BAR&FOO)"}]},"Value":{"type":"xs:string","value":"1537534852991"},"columnVisibility":"PRIVATE|(BAR&FOO)","name":"LOAD_DATE","timestamp":1537534853937},{"Markings":{"entry":[{"key":"columnVisibility","value":"PRIVATE|(BAR&FOO)"}]},"Value":{"type":"xs:string","value":"http://api.tvmaze.com/episodes/1364184"},"columnVisibility":"PRIVATE|(BAR&FOO)","name":"LINKS_NEXTEPISODE_HREF","timestamp":1537534853937},{"Markings":{"entry":[{"key":"columnVisibility","value":"PRIVATE|(BAR&FOO)"}]},"Value":{"type":"xs:string","value":"Thursday"},"columnVisibility":"PRIVATE|(BAR&FOO)","name":"SCHEDULE_DAYS","timestamp":1537534853937},{"Markings":{"entry":[{"key":"columnVisibility","value":"PRIVATE|(BAR&FOO)"}]},"Value":{"type":"xs:decimal","value":"30"},"columnVisibility":"PRIVATE|(BAR&FOO)","name":"RUNTIME","timestamp":1537534853937},{"Markings":{"entry":[{"key":"columnVisibility","value":"PRIVATE|(BAR&FOO)"}]},"Value":{"type":"xs:string","value":"2"},"columnVisibility":"PRIVATE|(BAR&FOO)","name":"NETWORK_ID","timestamp":1537534853937},{"Markings":{"entry":[{"key":"columnVisibility","value":"PRIVATE|(BAR&FOO)"}]},"Value":{"type":"xs:string","value":"Comedy"},"columnVisibility":"PRIVATE|(BAR&FOO)","name":"GENRES","timestamp":1537534853937},{"Markings":{"entry":[{"key":"columnVisibility","value":"PRIVATE|(BAR&FOO)"}]},"Value":{"type":"xs:string","value":"1513374376"},"columnVisibility":"PRIVATE|(BAR&FOO)","name":"UPDATED","timestamp":1537534853937},{"Markings":{"entry":[{"key":"columnVisibility","value":"PRIVATE|(BAR&FOO)"}]},"Value":{"type":"xs:string","value":"8511"},"columnVisibility":"PRIVATE|(BAR&FOO)","name":"EXTERNALS_TVRAGE","timestamp":1537534853937},{"Markings":{"entry":[{"key":"columnVisibility","value":"PRIVATE|(BAR&FOO)"}]},"Value":{"type":"xs:string","value":"http://www.tvmaze.com/shows/66/the-big-bang-theory"},"columnVisibility":"PRIVATE|(BAR&FOO)","name":"URL","timestamp":1537534853937},{"Markings":{"entry":[{"key":"columnVisibility","value":"PRIVATE|(BAR&FOO)"}]},"Value":{"type":"xs:string","value":"http://api.tvmaze.com/shows/66"},"columnVisibility":"PRIVATE|(BAR&FOO)","name":"LINKS_SELF_HREF","timestamp":1537534853937},{"Markings":{"entry":[{"key":"columnVisibility","value":"PRIVATE|(BAR&FOO)"}]},"Value":{"type":"xs:string","value":"Running"},"columnVisibility":"PRIVATE|(BAR&FOO)","name":"STATUS","timestamp":1537534853937},{"Markings":{"entry":[{"key":"columnVisibility","value":"PRIVATE|(BAR&FOO)"}]},"Value":{"type":"xs:string","value":"tvmaze-api.json|5|0"},"columnVisibility":"PRIVATE|(BAR&FOO)","name":"ORIG_FILE","timestamp":1537534853937},{"Markings":{"entry":[{"key":"columnVisibility","value":"PRIVATE|(BAR&FOO)"}]},"Value":{"type":"xs:string","value":"8679"},"columnVisibility":"PRIVATE|(BAR&FOO)","name":"EMBEDDED_CAST_PERSON_ID","timestamp":1537534853937},{"Markings":{"entry":[{"key":"columnVisibility","value":"PRIVATE|(BAR&FOO)"}]},"Value":{"type":"xs:string","value":"8682"},"columnVisibility":"PRIVATE|(BAR&FOO)","name":"EMBEDDED_CAST_PERSON_ID","timestamp":1537534853937},{"Markings":{"entry":[{"key":"columnVisibility","value":"PRIVATE|(BAR&FOO)"}]},"Value":{"type":"xs:string","value":"8686"},"columnVisibility":"PRIVATE|(BAR&FOO)","name":"EMBEDDED_CAST_PERSON_ID","timestamp":1537534853937},{"Markings":{"entry":[{"key":"columnVisibility","value":"PRIVATE|(BAR&FOO)"}]},"Value":{"type":"xs:string","value":"8684"},"columnVisibility":"PRIVATE|(BAR&FOO)","name":"EMBEDDED_CAST_PERSON_ID","timestamp":1537534853937},{"Markings":{"entry":[{"key":"columnVisibility","value":"PRIVATE|(BAR&FOO)"}]},"Value":{"type":"xs:string","value":"6656"},"columnVisibility":"PRIVATE|(BAR&FOO)","name":"EMBEDDED_CAST_PERSON_ID","timestamp":1537534853937},{"Markings":{"entry":[{"key":"columnVisibility","value":"PRIVATE|(BAR&FOO)"}]},"Value":{"type":"xs:string","value":"8681"},"columnVisibility":"PRIVATE|(BAR&FOO)","name":"EMBEDDED_CAST_PERSON_ID","timestamp":1537534853937},{"Markings":{"entry":[{"key":"columnVisibility","value":"PRIVATE|(BAR&FOO)"}]},"Value":{"type":"xs:string","value":"20180921_0/tvmaze/-r5sogy.30uc2y.a9zr4g"},"columnVisibility":"PRIVATE|(BAR&FOO)","name":"RECORD_ID","timestamp":1537534853937},{"Markings":{"entry":[{"key":"columnVisibility","value":"PRIVATE|(BAR&FOO)"}]},"Value":{"type":"xs:string","value":"Laura Spencer"},"columnVisibility":"PRIVATE|(BAR&FOO)","name":"EMBEDDED_CAST_PERSON_NAME","timestamp":1537534853937},{"Markings":{"entry":[{"key":"columnVisibility","value":"PRIVATE|(BAR&FOO)"}]},"Value":{"type":"xs:string","value":"Kaley Cuoco"},"columnVisibility":"PRIVATE|(BAR&FOO)","name":"EMBEDDED_CAST_PERSON_NAME","timestamp":1537534853937},{"Markings":{"entry":[{"key":"columnVisibility","value":"PRIVATE|(BAR&FOO)"}]},"Value":{"type":"xs:string","value":"Johnny Galecki"},"columnVisibility":"PRIVATE|(BAR&FOO)","name":"EMBEDDED_CAST_PERSON_NAME","timestamp":1537534853937},{"Markings":{"entry":[{"key":"columnVisibility","value":"PRIVATE|(BAR&FOO)"}]},"Value":{"type":"xs:string","value":"Sara Gilbert"},"columnVisibility":"PRIVATE|(BAR&FOO)","name":"EMBEDDED_CAST_PERSON_NAME","timestamp":1537534853937},{"Markings":{"entry":[{"key":"columnVisibility","value":"PRIVATE|(BAR&FOO)"}]},"Value":{"type":"xs:string","value":"Mayim Bialik"},"columnVisibility":"PRIVATE|(BAR&FOO)","name":"EMBEDDED_CAST_PERSON_NAME","timestamp":1537534853937},{"Markings":{"entry":[{"key":"columnVisibility","value":"PRIVATE|(BAR&FOO)"}]},"Value":{"type":"xs:string","value":"Simon Helberg"},"columnVisibility":"PRIVATE|(BAR&FOO)","name":"EMBEDDED_CAST_PERSON_NAME","timestamp":1537534853937},{"Markings":{"entry":[{"key":"columnVisibility","value":"PRIVATE|(BAR&FOO)"}]},"Value":{"type":"xs:string","value":"Kunal Nayyar"},"columnVisibility":"PRIVATE|(BAR&FOO)","name":"EMBEDDED_CAST_PERSON_NAME","timestamp":1537534853937},{"Markings":{"entry":[{"key":"columnVisibility","value":"PRIVATE|(BAR&FOO)"}]},"Value":{"type":"xs:string","value":"66"},"columnVisibility":"PRIVATE|(BAR&FOO)","name":"ID","timestamp":1537534853937},{"Markings":{"entry":[{"key":"columnVisibility","value":"PRIVATE|(BAR&FOO)"}]},"Value":{"type":"xs:decimal","value":"100"},"columnVisibility":"PRIVATE|(BAR&FOO)","name":"WEIGHT","timestamp":1537534853937},{"Markings":{"entry":[{"key":"columnVisibility","value":"PRIVATE|(BAR&FOO)"}]},"Value":{"type":"xs:string","value":"http://static.tvmaze.com/uploads/images/original_untouched/0/1078.jpg"},"columnVisibility":"PRIVATE|(BAR&FOO)","name":"EMBEDDED_CAST_PERSON_IMAGE_ORIGINAL","timestamp":1537534853937},{"Markings":{"entry":[{"key":"columnVisibility","value":"PRIVATE|(BAR&FOO)"}]},"Value":{"type":"xs:string","value":"http://static.tvmaze.com/uploads/images/original_untouched/0/1084.jpg"},"columnVisibility":"PRIVATE|(BAR&FOO)","name":"EMBEDDED_CAST_PERSON_IMAGE_ORIGINAL","timestamp":1537534853937},{"Markings":{"entry":[{"key":"columnVisibility","value":"PRIVATE|(BAR&FOO)"}]},"Value":{"type":"xs:string","value":"http://static.tvmaze.com/uploads/images/original_untouched/0/1082.jpg"},"columnVisibility":"PRIVATE|(BAR&FOO)","name":"EMBEDDED_CAST_PERSON_IMAGE_ORIGINAL","timestamp":1537534853937},{"Markings":{"entry":[{"key":"columnVisibility","value":"PRIVATE|(BAR&FOO)"}]},"Value":{"type":"xs:string","value":"http://static.tvmaze.com/uploads/images/original_untouched/0/1081.jpg"},"columnVisibility":"PRIVATE|(BAR&FOO)","name":"EMBEDDED_CAST_PERSON_IMAGE_ORIGINAL","timestamp":1537534853937},{"Markings":{"entry":[{"key":"columnVisibility","value":"PRIVATE|(BAR&FOO)"}]},"Value":{"type":"xs:string","value":"http://static.tvmaze.com/uploads/images/original_untouched/106/265590.jpg"},"columnVisibility":"PRIVATE|(BAR&FOO)","name":"EMBEDDED_CAST_PERSON_IMAGE_ORIGINAL","timestamp":1537534853937},{"Markings":{"entry":[{"key":"columnVisibility","value":"PRIVATE|(BAR&FOO)"}]},"Value":{"type":"xs:string","value":"http://static.tvmaze.com/uploads/images/original_untouched/0/1784.jpg"},"columnVisibility":"PRIVATE|(BAR&FOO)","name":"EMBEDDED_CAST_PERSON_IMAGE_ORIGINAL","timestamp":1537534853937},{"Markings":{"entry":[{"key":"columnVisibility","value":"PRIVATE|(BAR&FOO)"}]},"Value":{"type":"xs:string","value":"http://static.tvmaze.com/uploads/images/original_untouched/45/114860.jpg"},"columnVisibility":"PRIVATE|(BAR&FOO)","name":"EMBEDDED_CAST_PERSON_IMAGE_ORIGINAL","timestamp":1537534853937},{"Markings":{"entry":[{"key":"columnVisibility","value":"PRIVATE|(BAR&FOO)"}]},"Value":{"type":"xs:string","value":"Scripted"},"columnVisibility":"PRIVATE|(BAR&FOO)","name":"TYPE","timestamp":1537534853937},{"Markings":{"entry":[{"key":"columnVisibility","value":"PRIVATE|(BAR&FOO)"}]},"Value":{"type":"xs:string","value":"http://static.tvmaze.com/uploads/images/medium_portrait/132/330836.jpg"},"columnVisibility":"PRIVATE|(BAR&FOO)","name":"EMBEDDED_CAST_CHARACTER_IMAGE_MEDIUM","timestamp":1537534853937},{"Markings":{"entry":[{"key":"columnVisibility","value":"PRIVATE|(BAR&FOO)"}]},"Value":{"type":"xs:string","value":"http://static.tvmaze.com/uploads/images/medium_portrait/132/330837.jpg"},"columnVisibility":"PRIVATE|(BAR&FOO)","name":"EMBEDDED_CAST_CHARACTER_IMAGE_MEDIUM","timestamp":1537534853937},{"Markings":{"entry":[{"key":"columnVisibility","value":"PRIVATE|(BAR&FOO)"}]},"Value":{"type":"xs:string","value":"http://static.tvmaze.com/uploads/images/medium_portrait/3/8230.jpg"},"columnVisibility":"PRIVATE|(BAR&FOO)","name":"EMBEDDED_CAST_CHARACTER_IMAGE_MEDIUM","timestamp":1537534853937},{"Markings":{"entry":[{"key":"columnVisibility","value":"PRIVATE|(BAR&FOO)"}]},"Value":{"type":"xs:string","value":"http://static.tvmaze.com/uploads/images/medium_portrait/132/330841.jpg"},"columnVisibility":"PRIVATE|(BAR&FOO)","name":"EMBEDDED_CAST_CHARACTER_IMAGE_MEDIUM","timestamp":1537534853937},{"Markings":{"entry":[{"key":"columnVisibility","value":"PRIVATE|(BAR&FOO)"}]},"Value":{"type":"xs:string","value":"http://static.tvmaze.com/uploads/images/medium_portrait/132/330834.jpg"},"columnVisibility":"PRIVATE|(BAR&FOO)","name":"EMBEDDED_CAST_CHARACTER_IMAGE_MEDIUM","timestamp":1537534853937},{"Markings":{"entry":[{"key":"columnVisibility","value":"PRIVATE|(BAR&FOO)"}]},"Value":{"type":"xs:string","value":"http://static.tvmaze.com/uploads/images/medium_portrait/132/330839.jpg"},"columnVisibility":"PRIVATE|(BAR&FOO)","name":"EMBEDDED_CAST_CHARACTER_IMAGE_MEDIUM","timestamp":1537534853937},{"Markings":{"entry":[{"key":"columnVisibility","value":"PRIVATE|(BAR&FOO)"}]},"Value":{"type":"xs:string","value":"http://static.tvmaze.com/uploads/images/medium_portrait/132/330833.jpg"},"columnVisibility":"PRIVATE|(BAR&FOO)","name":"EMBEDDED_CAST_CHARACTER_IMAGE_MEDIUM","timestamp":1537534853937},{"Markings":{"entry":[{"key":"columnVisibility","value":"PRIVATE|(BAR&FOO)"}]},"Value":{"type":"xs:string","value":"http://static.tvmaze.com/uploads/images/medium_portrait/45/114666.jpg"},"columnVisibility":"PRIVATE|(BAR&FOO)","name":"EMBEDDED_CAST_CHARACTER_IMAGE_MEDIUM","timestamp":1537534853937},{"Markings":{"entry":[{"key":"columnVisibility","value":"PRIVATE|(BAR&FOO)"}]},"Value":{"type":"xs:string","value":"http://www.tvmaze.com/people/8684/mayim-bialik"},"columnVisibility":"PRIVATE|(BAR&FOO)","name":"EMBEDDED_CAST_PERSON_URL","timestamp":1537534853937},{"Markings":{"entry":[{"key":"columnVisibility","value":"PRIVATE|(BAR&FOO)"}]},"Value":{"type":"xs:string","value":"http://www.tvmaze.com/people/8682/simon-helberg"},"columnVisibility":"PRIVATE|(BAR&FOO)","name":"EMBEDDED_CAST_PERSON_URL","timestamp":1537534853937},{"Markings":{"entry":[{"key":"columnVisibility","value":"PRIVATE|(BAR&FOO)"}]},"Value":{"type":"xs:string","value":"http://www.tvmaze.com/people/8681/kaley-cuoco"},"columnVisibility":"PRIVATE|(BAR&FOO)","name":"EMBEDDED_CAST_PERSON_URL","timestamp":1537534853937},{"Markings":{"entry":[{"key":"columnVisibility","value":"PRIVATE|(BAR&FOO)"}]},"Value":{"type":"xs:string","value":"http://www.tvmaze.com/people/8685/melissa-rauch"},"columnVisibility":"PRIVATE|(BAR&FOO)","name":"EMBEDDED_CAST_PERSON_URL","timestamp":1537534853937},{"Markings":{"entry":[{"key":"columnVisibility","value":"PRIVATE|(BAR&FOO)"}]},"Value":{"type":"xs:string","value":"http://www.tvmaze.com/people/8687/sara-gilbert"},"columnVisibility":"PRIVATE|(BAR&FOO)","name":"EMBEDDED_CAST_PERSON_URL","timestamp":1537534853937},{"Markings":{"entry":[{"key":"columnVisibility","value":"PRIVATE|(BAR&FOO)"}]},"Value":{"type":"xs:string","value":"http://www.tvmaze.com/people/8679/johnny-galecki"},"columnVisibility":"PRIVATE|(BAR&FOO)","name":"EMBEDDED_CAST_PERSON_URL","timestamp":1537534853937},{"Markings":{"entry":[{"key":"columnVisibility","value":"PRIVATE|(BAR&FOO)"}]},"Value":{"type":"xs:string","value":"http://www.tvmaze.com/people/6656/laura-spencer"},"columnVisibility":"PRIVATE|(BAR&FOO)","name":"EMBEDDED_CAST_PERSON_URL","timestamp":1537534853937},{"Markings":{"entry":[{"key":"columnVisibility","value":"PRIVATE|(BAR&FOO)"}]},"Value":{"type":"xs:string","value":"English"},"columnVisibility":"PRIVATE|(BAR&FOO)","name":"LANGUAGE","timestamp":1537534853937},{"Markings":{"entry":[{"key":"columnVisibility","value":"PRIVATE|(BAR&FOO)"}]},"Value":{"type":"xs:string","value":"United States"},"columnVisibility":"PRIVATE|(BAR&FOO)","name":"NETWORK_COUNTRY_NAME","timestamp":1537534853937},{"Markings":{"entry":[{"key":"columnVisibility","value":"PRIVATE|(BAR&FOO)"}]},"Value":{"type":"xs:string","value":"http://api.tvmaze.com/people/8686"},"columnVisibility":"PRIVATE|(BAR&FOO)","name":"EMBEDDED_CAST_PERSON_LINKS_SELF_HREF","timestamp":1537534853937},{"Markings":{"entry":[{"key":"columnVisibility","value":"PRIVATE|(BAR&FOO)"}]},"Value":{"type":"xs:string","value":"http://api.tvmaze.com/people/8687"},"columnVisibility":"PRIVATE|(BAR&FOO)","name":"EMBEDDED_CAST_PERSON_LINKS_SELF_HREF","timestamp":1537534853937},{"Markings":{"entry":[{"key":"columnVisibility","value":"PRIVATE|(BAR&FOO)"}]},"Value":{"type":"xs:string","value":"http://api.tvmaze.com/people/8680"},"columnVisibility":"PRIVATE|(BAR&FOO)","name":"EMBEDDED_CAST_PERSON_LINKS_SELF_HREF","timestamp":1537534853937},{"Markings":{"entry":[{"key":"columnVisibility","value":"PRIVATE|(BAR&FOO)"}]},"Value":{"type":"xs:string","value":"http://api.tvmaze.com/people/6656"},"columnVisibility":"PRIVATE|(BAR&FOO)","name":"EMBEDDED_CAST_PERSON_LINKS_SELF_HREF","timestamp":1537534853937},{"Markings":{"entry":[{"key":"columnVisibility","value":"PRIVATE|(BAR&FOO)"}]},"Value":{"type":"xs:string","value":"http://api.tvmaze.com/people/8681"},"columnVisibility":"PRIVATE|(BAR&FOO)","name":"EMBEDDED_CAST_PERSON_LINKS_SELF_HREF","timestamp":1537534853937},{"Markings":{"entry":[{"key":"columnVisibility","value":"PRIVATE|(BAR&FOO)"}]},"Value":{"type":"xs:string","value":"http://api.tvmaze.com/people/8679"},"columnVisibility":"PRIVATE|(BAR&FOO)","name":"EMBEDDED_CAST_PERSON_LINKS_SELF_HREF","timestamp":1537534853937},{"Markings":{"entry":[{"key":"columnVisibility","value":"PRIVATE|(BAR&FOO)"}]},"Value":{"type":"xs:string","value":"http://api.tvmaze.com/people/8682"},"columnVisibility":"PRIVATE|(BAR&FOO)","name":"EMBEDDED_CAST_PERSON_LINKS_SELF_HREF","timestamp":1537534853937},{"Markings":{"entry":[{"key":"columnVisibility","value":"PRIVATE|(BAR&FOO)"}]},"Value":{"type":"xs:string","value":"http://api.tvmaze.com/people/8684"},"columnVisibility":"PRIVATE|(BAR&FOO)","name":"EMBEDDED_CAST_PERSON_LINKS_SELF_HREF","timestamp":1537534853937},{"Markings":{"entry":[{"key":"columnVisibility","value":"PRIVATE|(BAR&FOO)"}]},"Value":{"type":"xs:string","value":"CBS"},"columnVisibility":"PRIVATE|(BAR&FOO)","name":"NETWORK_NAME","timestamp":1537534853937},{"Markings":{"entry":[{"key":"columnVisibility","value":"PRIVATE|(BAR&FOO)"}]},"Value":{"type":"xs:string","value":"http://static.tvmaze.com/uploads/images/original_untouched/58/145601.jpg"},"columnVisibility":"PRIVATE|(BAR&FOO)","name":"IMAGE_ORIGINAL","timestamp":1537534853937},{"Markings":{"entry":[{"key":"columnVisibility","value":"PRIVATE|(BAR&FOO)"}]},"Value":{"type":"xs:string","value":"http://www.tvmaze.com/characters/8872/the-big-bang-theory-amy-farrah-fowler"},"columnVisibility":"PRIVATE|(BAR&FOO)","name":"EMBEDDED_CAST_CHARACTER_URL","timestamp":1537534853937},{"Markings":{"entry":[{"key":"columnVisibility","value":"PRIVATE|(BAR&FOO)"}]},"Value":{"type":"xs:string","value":"http://www.tvmaze.com/characters/8875/the-big-bang-theory-leslie-winkle"},"columnVisibility":"PRIVATE|(BAR&FOO)","name":"EMBEDDED_CAST_CHARACTER_URL","timestamp":1537534853937},{"Markings":{"entry":[{"key":"columnVisibility","value":"PRIVATE|(BAR&FOO)"}]},"Value":{"type":"xs:string","value":"http://www.tvmaze.com/characters/8869/the-big-bang-theory-penny"},"columnVisibility":"PRIVATE|(BAR&FOO)","name":"EMBEDDED_CAST_CHARACTER_URL","timestamp":1537534853937},{"Markings":{"entry":[{"key":"columnVisibility","value":"PRIVATE|(BAR&FOO)"}]},"Value":{"type":"xs:string","value":"http://www.tvmaze.com/characters/8868/the-big-bang-theory-sheldon-lee-cooper"},"columnVisibility":"PRIVATE|(BAR&FOO)","name":"EMBEDDED_CAST_CHARACTER_URL","timestamp":1537534853937},{"Markings":{"entry":[{"key":"columnVisibility","value":"PRIVATE|(BAR&FOO)"}]},"Value":{"type":"xs:string","value":"http://www.tvmaze.com/characters/8873/the-big-bang-theory-bernadette-marianne-rostenkowski"},"columnVisibility":"PRIVATE|(BAR&FOO)","name":"EMBEDDED_CAST_CHARACTER_URL","timestamp":1537534853937},{"Markings":{"entry":[{"key":"columnVisibility","value":"PRIVATE|(BAR&FOO)"}]},"Value":{"type":"xs:string","value":"http://www.tvmaze.com/characters/8867/the-big-bang-theory-leonard-leakey-hofstadter"},"columnVisibility":"PRIVATE|(BAR&FOO)","name":"EMBEDDED_CAST_CHARACTER_URL","timestamp":1537534853937},{"Markings":{"entry":[{"key":"columnVisibility","value":"PRIVATE|(BAR&FOO)"}]},"Value":{"type":"xs:string","value":"http://www.tvmaze.com/characters/8871/the-big-bang-theory-rajesh-ramayan-koothrappali"},"columnVisibility":"PRIVATE|(BAR&FOO)","name":"EMBEDDED_CAST_CHARACTER_URL","timestamp":1537534853937},{"Markings":{"entry":[{"key":"columnVisibility","value":"PRIVATE|(BAR&FOO)"}]},"Value":{"type":"xs:string","value":"http://www.tvmaze.com/characters/8870/the-big-bang-theory-howard-joel-wolowitz"},"columnVisibility":"PRIVATE|(BAR&FOO)","name":"EMBEDDED_CAST_CHARACTER_URL","timestamp":1537534853937},{"Markings":{"entry":[{"key":"columnVisibility","value":"PRIVATE|(BAR&FOO)"}]},"Value":{"type":"xs:string","value":"http://www.tvmaze.com/characters/53928/the-big-bang-theory-emily-sweeney"},"columnVisibility":"PRIVATE|(BAR&FOO)","name":"EMBEDDED_CAST_CHARACTER_URL","timestamp":1537534853937},{"Markings":{"entry":[{"key":"columnVisibility","value":"PRIVATE|(BAR&FOO)"}]},"Value":{"type":"xs:string","value":"Leonard Leakey Hofstadter"},"columnVisibility":"PRIVATE|(BAR&FOO)","name":"EMBEDDED_CAST_CHARACTER_NAME","timestamp":1537534853937},{"Markings":{"entry":[{"key":"columnVisibility","value":"PRIVATE|(BAR&FOO)"}]},"Value":{"type":"xs:string","value":"Howard Joel Wolowitz"},"columnVisibility":"PRIVATE|(BAR&FOO)","name":"EMBEDDED_CAST_CHARACTER_NAME","timestamp":1537534853937},{"Markings":{"entry":[{"key":"columnVisibility","value":"PRIVATE|(BAR&FOO)"}]},"Value":{"type":"xs:string","value":"Bernadette Marianne Rostenkowski"},"columnVisibility":"PRIVATE|(BAR&FOO)","name":"EMBEDDED_CAST_CHARACTER_NAME","timestamp":1537534853937},{"Markings":{"entry":[{"key":"columnVisibility","value":"PRIVATE|(BAR&FOO)"}]},"Value":{"type":"xs:string","value":"Amy Farrah Fowler"},"columnVisibility":"PRIVATE|(BAR&FOO)","name":"EMBEDDED_CAST_CHARACTER_NAME","timestamp":1537534853937},{"Markings":{"entry":[{"key":"columnVisibility","value":"PRIVATE|(BAR&FOO)"}]},"Value":{"type":"xs:string","value":"Emily Sweeney"},"columnVisibility":"PRIVATE|(BAR&FOO)","name":"EMBEDDED_CAST_CHARACTER_NAME","timestamp":1537534853937},{"Markings":{"entry":[{"key":"columnVisibility","value":"PRIVATE|(BAR&FOO)"}]},"Value":{"type":"xs:string","value":"Leslie Winkle"},"columnVisibility":"PRIVATE|(BAR&FOO)","name":"EMBEDDED_CAST_CHARACTER_NAME","timestamp":1537534853937},{"Markings":{"entry":[{"key":"columnVisibility","value":"PRIVATE|(BAR&FOO)"}]},"Value":{"type":"xs:string","value":"Rajesh Ramayan Koothrappali"},"columnVisibility":"PRIVATE|(BAR&FOO)","name":"EMBEDDED_CAST_CHARACTER_NAME","timestamp":1537534853937},{"Markings":{"entry":[{"key":"columnVisibility","value":"PRIVATE|(BAR&FOO)"}]},"Value":{"type":"xs:string","value":"Penny"},"columnVisibility":"PRIVATE|(BAR&FOO)","name":"EMBEDDED_CAST_CHARACTER_NAME","timestamp":1537534853937},{"Markings":{"entry":[{"key":"columnVisibility","value":"PRIVATE|(BAR&FOO)"}]},"Value":{"type":"xs:string","value":"The Big Bang Theory"},"columnVisibility":"PRIVATE|(BAR&FOO)","name":"NAME","timestamp":1537534853937},{"Markings":{"entry":[{"key":"columnVisibility","value":"PRIVATE|(BAR&FOO)"}]},"Value":{"type":"xs:dateTime","value":"2007-09-24T00:00:00.000Z"},"columnVisibility":"PRIVATE|(BAR&FOO)","name":"PREMIERED","timestamp":1537534853937},{"Markings":{"entry":[{"key":"columnVisibility","value":"PRIVATE|(BAR&FOO)"}]},"Value":{"type":"xs:string","value":"http://static.tvmaze.com/uploads/images/original_untouched/3/8230.jpg"},"columnVisibility":"PRIVATE|(BAR&FOO)","name":"EMBEDDED_CAST_CHARACTER_IMAGE_ORIGINAL","timestamp":1537534853937},{"Markings":{"entry":[{"key":"columnVisibility","value":"PRIVATE|(BAR&FOO)"}]},"Value":{"type":"xs:string","value":"http://static.tvmaze.com/uploads/images/original_untouched/132/330834.jpg"},"columnVisibility":"PRIVATE|(BAR&FOO)","name":"EMBEDDED_CAST_CHARACTER_IMAGE_ORIGINAL","timestamp":1537534853937},{"Markings":{"entry":[{"key":"columnVisibility","value":"PRIVATE|(BAR&FOO)"}]},"Value":{"type":"xs:string","value":"http://static.tvmaze.com/uploads/images/original_untouched/132/330839.jpg"},"columnVisibility":"PRIVATE|(BAR&FOO)","name":"EMBEDDED_CAST_CHARACTER_IMAGE_ORIGINAL","timestamp":1537534853937},{"Markings":{"entry":[{"key":"columnVisibility","value":"PRIVATE|(BAR&FOO)"}]},"Value":{"type":"xs:string","value":"http://static.tvmaze.com/uploads/images/original_untouched/132/330835.jpg"},"columnVisibility":"PRIVATE|(BAR&FOO)","name":"EMBEDDED_CAST_CHARACTER_IMAGE_ORIGINAL","timestamp":1537534853937},{"Markings":{"entry":[{"key":"columnVisibility","value":"PRIVATE|(BAR&FOO)"}]},"Value":{"type":"xs:string","value":"http://static.tvmaze.com/uploads/images/original_untouched/132/330841.jpg"},"columnVisibility":"PRIVATE|(BAR&FOO)","name":"EMBEDDED_CAST_CHARACTER_IMAGE_ORIGINAL","timestamp":1537534853937},{"Markings":{"entry":[{"key":"columnVisibility","value":"PRIVATE|(BAR&FOO)"}]},"Value":{"type":"xs:string","value":"http://static.tvmaze.com/uploads/images/original_untouched/132/330837.jpg"},"columnVisibility":"PRIVATE|(BAR&FOO)","name":"EMBEDDED_CAST_CHARACTER_IMAGE_ORIGINAL","timestamp":1537534853937},{"Markings":{"entry":[{"key":"columnVisibility","value":"PRIVATE|(BAR&FOO)"}]},"Value":{"type":"xs:string","value":"http://static.tvmaze.com/uploads/images/original_untouched/45/114666.jpg"},"columnVisibility":"PRIVATE|(BAR&FOO)","name":"EMBEDDED_CAST_CHARACTER_IMAGE_ORIGINAL","timestamp":1537534853937},{"Markings":{"entry":[{"key":"columnVisibility","value":"PRIVATE|(BAR&FOO)"}]},"Value":{"type":"xs:string","value":"http://static.tvmaze.com/uploads/images/original_untouched/132/330836.jpg"},"columnVisibility":"PRIVATE|(BAR&FOO)","name":"EMBEDDED_CAST_CHARACTER_IMAGE_ORIGINAL","timestamp":1537534853937},{"Markings":{"entry":[{"key":"columnVisibility","value":"PRIVATE|(BAR&FOO)"}]},"Value":{"type":"xs:string","value":"http://api.tvmaze.com/episodes/1360390"},"columnVisibility":"PRIVATE|(BAR&FOO)","name":"LINKS_PREVIOUSEPISODE_HREF","timestamp":1537534853937},{"Markings":{"entry":[{"key":"columnVisibility","value":"PRIVATE|(BAR&FOO)"}]},"Value":{"type":"xs:string","value":"8867"},"columnVisibility":"PRIVATE|(BAR&FOO)","name":"EMBEDDED_CAST_CHARACTER_ID","timestamp":1537534853937},{"Markings":{"entry":[{"key":"columnVisibility","value":"PRIVATE|(BAR&FOO)"}]},"Value":{"type":"xs:string","value":"8868"},"columnVisibility":"PRIVATE|(BAR&FOO)","name":"EMBEDDED_CAST_CHARACTER_ID","timestamp":1537534853937},{"Markings":{"entry":[{"key":"columnVisibility","value":"PRIVATE|(BAR&FOO)"}]},"Value":{"type":"xs:string","value":"8871"},"columnVisibility":"PRIVATE|(BAR&FOO)","name":"EMBEDDED_CAST_CHARACTER_ID","timestamp":1537534853937},{"Markings":{"entry":[{"key":"columnVisibility","value":"PRIVATE|(BAR&FOO)"}]},"Value":{"type":"xs:string","value":"8870"},"columnVisibility":"PRIVATE|(BAR&FOO)","name":"EMBEDDED_CAST_CHARACTER_ID","timestamp":1537534853937},{"Markings":{"entry":[{"key":"columnVisibility","value":"PRIVATE|(BAR&FOO)"}]},"Value":{"type":"xs:string","value":"8873"},"columnVisibility":"PRIVATE|(BAR&FOO)","name":"EMBEDDED_CAST_CHARACTER_ID","timestamp":1537534853937},{"Markings":{"entry":[{"key":"columnVisibility","value":"PRIVATE|(BAR&FOO)"}]},"Value":{"type":"xs:string","value":"8869"},"columnVisibility":"PRIVATE|(BAR&FOO)","name":"EMBEDDED_CAST_CHARACTER_ID","timestamp":1537534853937},{"Markings":{"entry":[{"key":"columnVisibility","value":"PRIVATE|(BAR&FOO)"}]},"Value":{"type":"xs:string","value":"8872"},"columnVisibility":"PRIVATE|(BAR&FOO)","name":"EMBEDDED_CAST_CHARACTER_ID","timestamp":1537534853937},{"Markings":{"entry":[{"key":"columnVisibility","value":"PRIVATE|(BAR&FOO)"}]},"Value":{"type":"xs:string","value":"8875"},"columnVisibility":"PRIVATE|(BAR&FOO)","name":"EMBEDDED_CAST_CHARACTER_ID","timestamp":1537534853937},{"Markings":{"entry":[{"key":"columnVisibility","value":"PRIVATE|(BAR&FOO)"}]},"Value":{"type":"xs:string","value":"53928"},"columnVisibility":"PRIVATE|(BAR&FOO)","name":"EMBEDDED_CAST_CHARACTER_ID","timestamp":1537534853937},{"Markings":{"entry":[{"key":"columnVisibility","value":"PRIVATE|(BAR&FOO)"}]},"Value":{"type":"xs:string","value":"http://static.tvmaze.com/uploads/images/medium_portrait/106/265590.jpg"},"columnVisibility":"PRIVATE|(BAR&FOO)","name":"EMBEDDED_CAST_PERSON_IMAGE_MEDIUM","timestamp":1537534853937},{"Markings":{"entry":[{"key":"columnVisibility","value":"PRIVATE|(BAR&FOO)"}]},"Value":{"type":"xs:string","value":"http://static.tvmaze.com/uploads/images/medium_portrait/0/1078.jpg"},"columnVisibility":"PRIVATE|(BAR&FOO)","name":"EMBEDDED_CAST_PERSON_IMAGE_MEDIUM","timestamp":1537534853937},{"Markings":{"entry":[{"key":"columnVisibility","value":"PRIVATE|(BAR&FOO)"}]},"Value":{"type":"xs:string","value":"http://static.tvmaze.com/uploads/images/medium_portrait/0/1081.jpg"},"columnVisibility":"PRIVATE|(BAR&FOO)","name":"EMBEDDED_CAST_PERSON_IMAGE_MEDIUM","timestamp":1537534853937},{"Markings":{"entry":[{"key":"columnVisibility","value":"PRIVATE|(BAR&FOO)"}]},"Value":{"type":"xs:string","value":"http://static.tvmaze.com/uploads/images/medium_portrait/0/1784.jpg"},"columnVisibility":"PRIVATE|(BAR&FOO)","name":"EMBEDDED_CAST_PERSON_IMAGE_MEDIUM","timestamp":1537534853937},{"Markings":{"entry":[{"key":"columnVisibility","value":"PRIVATE|(BAR&FOO)"}]},"Value":{"type":"xs:string","value":"http://static.tvmaze.com/uploads/images/medium_portrait/4/12252.jpg"},"columnVisibility":"PRIVATE|(BAR&FOO)","name":"EMBEDDED_CAST_PERSON_IMAGE_MEDIUM","timestamp":1537534853937},{"Markings":{"entry":[{"key":"columnVisibility","value":"PRIVATE|(BAR&FOO)"}]},"Value":{"type":"xs:string","value":"http://www.cbs.com/shows/big_bang_theory/"},"columnVisibility":"PRIVATE|(BAR&FOO)","name":"OFFICIALSITE","timestamp":1537534853937},{"Markings":{"entry":[{"key":"columnVisibility","value":"PRIVATE|(BAR&FOO)"}]},"Value":{"type":"xs:string","value":"tt0898266"},"columnVisibility":"PRIVATE|(BAR&FOO)","name":"EXTERNALS_IMDB","timestamp":1537534853937},{"Markings":{"entry":[{"key":"columnVisibility","value":"PRIVATE|(BAR&FOO)"}]},"Value":{"type":"xs:string","value":"http://api.tvmaze.com/characters/8869"},"columnVisibility":"PRIVATE|(BAR&FOO)","name":"EMBEDDED_CAST_CHARACTER_LINKS_SELF_HREF","timestamp":1537534853937},{"Markings":{"entry":[{"key":"columnVisibility","value":"PRIVATE|(BAR&FOO)"}]},"Value":{"type":"xs:string","value":"http://api.tvmaze.com/characters/8872"},"columnVisibility":"PRIVATE|(BAR&FOO)","name":"EMBEDDED_CAST_CHARACTER_LINKS_SELF_HREF","timestamp":1537534853937},{"Markings":{"entry":[{"key":"columnVisibility","value":"PRIVATE|(BAR&FOO)"}]},"Value":{"type":"xs:string","value":"http://api.tvmaze.com/characters/53928"},"columnVisibility":"PRIVATE|(BAR&FOO)","name":"EMBEDDED_CAST_CHARACTER_LINKS_SELF_HREF","timestamp":1537534853937},{"Markings":{"entry":[{"key":"columnVisibility","value":"PRIVATE|(BAR&FOO)"}]},"Value":{"type":"xs:string","value":"http://api.tvmaze.com/characters/8867"},"columnVisibility":"PRIVATE|(BAR&FOO)","name":"EMBEDDED_CAST_CHARACTER_LINKS_SELF_HREF","timestamp":1537534853937},{"Markings":{"entry":[{"key":"columnVisibility","value":"PRIVATE|(BAR&FOO)"}]},"Value":{"type":"xs:string","value":"http://api.tvmaze.com/characters/8870"},"columnVisibility":"PRIVATE|(BAR&FOO)","name":"EMBEDDED_CAST_CHARACTER_LINKS_SELF_HREF","timestamp":1537534853937},{"Markings":{"entry":[{"key":"columnVisibility","value":"PRIVATE|(BAR&FOO)"}]},"Value":{"type":"xs:string","value":"http://api.tvmaze.com/characters/8874"},"columnVisibility":"PRIVATE|(BAR&FOO)","name":"EMBEDDED_CAST_CHARACTER_LINKS_SELF_HREF","timestamp":1537534853937}],"Markings":{"entry":[{"key":"columnVisibility","value":"PRIVATE|(BAR&FOO)"}]},"Metadata":{"DataType":"tvmaze","InternalId":"-r5sogy.30uc2y.a9zr4g","Row":"20180921_0","Table":"shard"}}],"Fields":["EMBEDDED_CAST_CHARACTER_ID","EMBEDDED_CAST_CHARACTER_IMAGE_MEDIUM","EMBEDDED_CAST_CHARACTER_IMAGE_ORIGINAL","EMBEDDED_CAST_CHARACTER_LINKS_SELF_HREF","EMBEDDED_CAST_CHARACTER_NAME","EMBEDDED_CAST_CHARACTER_URL","EMBEDDED_CAST_PERSON_ID","EMBEDDED_CAST_PERSON_IMAGE_MEDIUM","EMBEDDED_CAST_PERSON_IMAGE_ORIGINAL","EMBEDDED_CAST_PERSON_LINKS_SELF_HREF","EMBEDDED_CAST_PERSON_NAME","EMBEDDED_CAST_PERSON_URL","EXTERNALS_IMDB","EXTERNALS_TVRAGE","GENRES","ID","IMAGE_ORIGINAL","LANGUAGE","LINKS_NEXTEPISODE_HREF","LINKS_PREVIOUSEPISODE_HREF","LINKS_SELF_HREF","LOAD_DATE","NAME","NETWORK_COUNTRY_NAME","NETWORK_ID","NETWORK_NAME","OFFICIALSITE","ORIG_FILE","PREMIERED","RECORD_ID","RUNTIME","SCHEDULE_DAYS","STATUS","TERM_COUNT","TYPE","UPDATED","URL","WEIGHT"],"HasResults":true,"LogicName":"EventQuery","OperationTimeMS":22,"PageNumber":1,"PartialResults":false,"QueryId":"ea28b154-c4af-425c-b74b-629a867cf612","ReturnedEvents":1}