<html><head><meta http-equiv="content-type" content="text/html; charset=UTF-8"/><title>DATAWAVE - Void Response</title><link rel='stylesheet' type='text/css' href='/screen.css' media='screen' /></head><body><h1>datawave.webservice.result.VoidResponse</h1><div><b>MESSAGES:</b><br/>f1a0f41e-c972-4197-9d08-3d72e9c7eecb closed.<br/><b>EXCEPTIONS:</b><br/></div><br/></body></html> 