<html><head><meta http-equiv="content-type" content="text/html; charset=UTF-8"/><title>DATAWAVE - Void Response</title><link rel='stylesheet' type='text/css' href='/screen.css' media='screen' /></head><body><h1>datawave.webservice.result.VoidResponse</h1><div><b>MESSAGES:</b><br/>5ca7ca9b-6c8d-4ce6-95c1-2831ade7227c closed.<br/><b>EXCEPTIONS:</b><br/></div><br/></body></html> 