{"Events":[{"Fields":[{"Markings":{"entry":[{"key":"columnVisibility","value":"PUBLIC"}]},"Value":{"type":"xs:string","value":"1537534827259"},"columnVisibility":"PUBLIC","name":"LOAD_DATE","timestamp":1362441600000},{"Markings":{"entry":[{"key":"columnVisibility","value":"PUBLIC"}]},"Value":{"type":"xs:string","value":"ENGLISH"},"columnVisibility":"PUBLIC","name":"LANGUAGE","timestamp":1362441600000},{"Markings":{"entry":[{"key":"columnVisibility","value":"PUBLIC"}]},"Value":{"type":"xs:string","value":"lo15ponaybcg2sf49sstw9gdjmdetnk"},"columnVisibility":"PUBLIC","name":"REVISION_SHA1","timestamp":1362441600000},{"Markings":{"entry":[{"key":"columnVisibility","value":"PUBLIC"}]},"Value":{"type":"xs:string","value":"OlEnglish"},"columnVisibility":"PUBLIC","name":"CONTRIBUTOR_USERNAME","timestamp":1362441600000},{"Markings":{"entry":[{"key":"columnVisibility","value":"PUBLIC"}]},"Value":{"type":"xs:decimal","value":"381202555"},"columnVisibility":"PUBLIC","name":"REVISION_ID","timestamp":1362441600000},{"Markings":{"entry":[{"key":"columnVisibility","value":"PUBLIC"}]},"Value":{"type":"xs:decimal","value":"10"},"columnVisibility":"PUBLIC","name":"PAGE_ID","timestamp":1362441600000},{"Markings":{"entry":[{"key":"columnVisibility","value":"PUBLIC"}]},"Value":{"type":"xs:string","value":"true"},"columnVisibility":"PUBLIC","name":"HAS_REVISION_TEXT_CONTENT","timestamp":1362441600000},{"Markings":{"entry":[{"key":"columnVisibility","value":"PUBLIC"}]},"Value":{"type":"xs:string","value":"2010-08-26T22:38:36Z"},"columnVisibility":"PUBLIC","name":"REVISION_TIMESTAMP","timestamp":1362441600000},{"Markings":{"entry":[{"key":"columnVisibility","value":"PUBLIC"}]},"Value":{"type":"xs:string","value":"Computer accessibility"},"columnVisibility":"PUBLIC","name":"PAGE_REDIRECT_TITLE","timestamp":1362441600000},{"Markings":{"entry":[{"key":"columnVisibility","value":"PUBLIC"}]},"Value":{"type":"xs:string","value":"wikitext"},"columnVisibility":"PUBLIC","name":"REVISION_MODEL","timestamp":1362441600000},{"Markings":{"entry":[{"key":"columnVisibility","value":"PUBLIC"}]},"Value":{"type":"xs:decimal","value":"381200179"},"columnVisibility":"PUBLIC","name":"REVISION_PARENTID","timestamp":1362441600000},{"Markings":{"entry":[{"key":"columnVisibility","value":"PUBLIC"}]},"Value":{"type":"xs:decimal","value":"0"},"columnVisibility":"PUBLIC","name":"PAGE_NAMESPACE","timestamp":1362441600000},{"Markings":{"entry":[{"key":"columnVisibility","value":"PUBLIC"}]},"Value":{"type":"xs:string","value":"enwiki-20130305-pages-articles-brief.xml|0|0"},"columnVisibility":"PUBLIC","name":"ORIG_FILE","timestamp":1362441600000},{"Markings":{"entry":[{"key":"columnVisibility","value":"PUBLIC"}]},"Value":{"type":"xs:string","value":"text/x-wiki"},"columnVisibility":"PUBLIC","name":"REVISION_FORMAT","timestamp":1362441600000},{"Markings":{"entry":[{"key":"columnVisibility","value":"PUBLIC"}]},"Value":{"type":"xs:string","value":"[[Help:Reverting|Reverted]] edits by [[Special:Contributions/76.28.186.133|76.28.186.133]] ([[User talk:76.28.186.133|talk]]) to last version by Gurch"},"columnVisibility":"PUBLIC","name":"REVISION_COMMENT","timestamp":1362441600000},{"Markings":{"entry":[{"key":"columnVisibility","value":"PUBLIC"}]},"Value":{"type":"xs:string","value":"preserve"},"columnVisibility":"PUBLIC","name":"REVISION_TEXT_SPACE","timestamp":1362441600000},{"Markings":{"entry":[{"key":"columnVisibility","value":"PUBLIC"}]},"Value":{"type":"xs:string","value":"20130305_0/enwiki/iwyca1.-q4cpc6.-y7lj4t"},"columnVisibility":"PUBLIC","name":"RECORD_ID","timestamp":1362441600000},{"Markings":{"entry":[{"key":"columnVisibility","value":"PUBLIC"}]},"Value":{"type":"xs:decimal","value":"7181920"},"columnVisibility":"PUBLIC","name":"CONTRIBUTOR_ID","timestamp":1362441600000},{"Markings":{"entry":[{"key":"columnVisibility","value":"PUBLIC"}]},"Value":{"type":"xs:string","value":"true"},"columnVisibility":"PUBLIC","name":"HAS_REVISION_COMMENT_CONTENT","timestamp":1362441600000},{"Markings":{"entry":[{"key":"columnVisibility","value":"PUBLIC"}]},"Value":{"type":"xs:string","value":"AccessibleComputing"},"columnVisibility":"PUBLIC","name":"PAGE_TITLE","timestamp":1362441600000},{"Markings":{"entry":[{"key":"columnVisibility","value":"PUBLIC"}]},"Value":{"type":"xs:decimal","value":"27"},"columnVisibility":"PUBLIC","name":"REVISION_COMMENT_TERM_COUNT","timestamp":1362441600000},{"Markings":{"entry":[{"key":"columnVisibility","value":"PUBLIC"}]},"Value":{"type":"xs:decimal","value":"6"},"columnVisibility":"PUBLIC","name":"REVISION_TEXT_TERM_COUNT","timestamp":1362441600000}],"Markings":{"entry":[{"key":"columnVisibility","value":"PUBLIC"}]},"Metadata":{"DataType":"enwiki","InternalId":"iwyca1.-q4cpc6.-y7lj4t","Row":"20130305_0","Table":"shard"}}],"Fields":["CONTRIBUTOR_ID","CONTRIBUTOR_USERNAME","HAS_REVISION_COMMENT_CONTENT","HAS_REVISION_TEXT_CONTENT","LANGUAGE","LOAD_DATE","ORIG_FILE","PAGE_ID","PAGE_NAMESPACE","PAGE_REDIRECT_TITLE","PAGE_TITLE","RECORD_ID","REVISION_COMMENT","REVISION_COMMENT_TERM_COUNT","REVISION_FORMAT","REVISION_ID","REVISION_MODEL","REVISION_PARENTID","REVISION_SHA1","REVISION_TEXT_SPACE","REVISION_TEXT_TERM_COUNT","REVISION_TIMESTAMP"],"HasResults":true,"LogicName":"EventQuery","OperationTimeMS":0,"PageNumber":2,"PartialResults":false,"QueryId":"4ec2724f-0e3a-4a0c-b8c6-63ac49965c67","ReturnedEvents":1}