{"Events":[{"Fields":[{"Markings":{"entry":[{"key":"columnVisibility","value":"PUBLIC"}]},"Value":{"type":"xs:string","value":"1537534827259"},"columnVisibility":"PUBLIC","name":"LOAD_DATE","timestamp":1362441600000},{"Markings":{"entry":[{"key":"columnVisibility","value":"PUBLIC"}]},"Value":{"type":"xs:string","value":"ENGLISH"},"columnVisibility":"PUBLIC","name":"LANGUAGE","timestamp":1362441600000},{"Markings":{"entry":[{"key":"columnVisibility","value":"PUBLIC"}]},"Value":{"type":"xs:string","value":"ls0ordqhjufi32fc3qo9oioa37seld5"},"columnVisibility":"PUBLIC","name":"REVISION_SHA1","timestamp":1362441600000},{"Markings":{"entry":[{"key":"columnVisibility","value":"PUBLIC"}]},"Value":{"type":"xs:string","value":"Alta√Ør"},"columnVisibility":"PUBLIC","name":"CONTRIBUTOR_USERNAME","timestamp":1362441600000},{"Markings":{"entry":[{"key":"columnVisibility","value":"PUBLIC"}]},"Value":{"type":"xs:decimal","value":"541785980"},"columnVisibility":"PUBLIC","name":"REVISION_ID","timestamp":1362441600000},{"Markings":{"entry":[{"key":"columnVisibility","value":"PUBLIC"}]},"Value":{"type":"xs:decimal","value":"12"},"columnVisibility":"PUBLIC","name":"PAGE_ID","timestamp":1362441600000},{"Markings":{"entry":[{"key":"columnVisibility","value":"PUBLIC"}]},"Value":{"type":"xs:string","value":"true"},"columnVisibility":"PUBLIC","name":"HAS_REVISION_TEXT_CONTENT","timestamp":1362441600000},{"Markings":{"entry":[{"key":"columnVisibility","value":"PUBLIC"}]},"Value":{"type":"xs:string","value":"2013-03-02T21:01:50Z"},"columnVisibility":"PUBLIC","name":"REVISION_TIMESTAMP","timestamp":1362441600000},{"Markings":{"entry":[{"key":"columnVisibility","value":"PUBLIC"}]},"Value":{"type":"xs:string","value":"wikitext"},"columnVisibility":"PUBLIC","name":"REVISION_MODEL","timestamp":1362441600000},{"Markings":{"entry":[{"key":"columnVisibility","value":"PUBLIC"}]},"Value":{"type":"xs:decimal","value":"541640576"},"columnVisibility":"PUBLIC","name":"REVISION_PARENTID","timestamp":1362441600000},{"Markings":{"entry":[{"key":"columnVisibility","value":"PUBLIC"}]},"Value":{"type":"xs:decimal","value":"0"},"columnVisibility":"PUBLIC","name":"PAGE_NAMESPACE","timestamp":1362441600000},{"Markings":{"entry":[{"key":"columnVisibility","value":"PUBLIC"}]},"Value":{"type":"xs:string","value":"enwiki-20130305-pages-articles-brief.xml|1|0"},"columnVisibility":"PUBLIC","name":"ORIG_FILE","timestamp":1362441600000},{"Markings":{"entry":[{"key":"columnVisibility","value":"PUBLIC"}]},"Value":{"type":"xs:string","value":"text/x-wiki"},"columnVisibility":"PUBLIC","name":"REVISION_FORMAT","timestamp":1362441600000},{"Markings":{"entry":[{"key":"columnVisibility","value":"PUBLIC"}]},"Value":{"type":"xs:string","value":"/* Origins accumulo/ accumulo-website/ aws-cli-1.15.10/ cloud-basher/ cloud-basher-docs/ datawave-alt/ datawave-gh-pages/ datawave-new/ datawave-tarballs/ Desktop/ Documents/ Downloads/ extract/ fluo-muchos/ fluo-muchos-fork/ git-2.9.5/ haproxy-1.7.8/ idea-IC-172.3544.35/ idea-IC-182.4323.46/ jdk1.8.0_144/ jdks/ jekyll-themes/ muchos/ muchos-datawave/ Music/ my-awesome-site/ nationalsecurityagency.github.io/ Pictures/ Public/ ruby-2.5.0/ Templates/ thinclient_drives/ Videos/ Fix."},"columnVisibility":"PUBLIC","name":"REVISION_COMMENT","timestamp":1362441600000},{"Markings":{"entry":[{"key":"columnVisibility","value":"PUBLIC"}]},"Value":{"type":"xs:string","value":"preserve"},"columnVisibility":"PUBLIC","name":"REVISION_TEXT_SPACE","timestamp":1362441600000},{"Markings":{"entry":[{"key":"columnVisibility","value":"PUBLIC"}]},"Value":{"type":"xs:string","value":"20130305_0/enwiki/cv98z2.-7tx1b3.oz7tdj"},"columnVisibility":"PUBLIC","name":"RECORD_ID","timestamp":1362441600000},{"Markings":{"entry":[{"key":"columnVisibility","value":"PUBLIC"}]},"Value":{"type":"xs:decimal","value":"15232315"},"columnVisibility":"PUBLIC","name":"CONTRIBUTOR_ID","timestamp":1362441600000},{"Markings":{"entry":[{"key":"columnVisibility","value":"PUBLIC"}]},"Value":{"type":"xs:string","value":"true"},"columnVisibility":"PUBLIC","name":"HAS_REVISION_COMMENT_CONTENT","timestamp":1362441600000},{"Markings":{"entry":[{"key":"columnVisibility","value":"PUBLIC"}]},"Value":{"type":"xs:decimal","value":"2"},"columnVisibility":"PUBLIC","name":"REVISION_COMMENT_TERM_COUNT","timestamp":1362441600000},{"Markings":{"entry":[{"key":"columnVisibility","value":"PUBLIC"}]},"Value":{"type":"xs:string","value":"Anarchism"},"columnVisibility":"PUBLIC","name":"PAGE_TITLE","timestamp":1362441600000},{"Markings":{"entry":[{"key":"columnVisibility","value":"PUBLIC"}]},"Value":{"type":"xs:decimal","value":"22637"},"columnVisibility":"PUBLIC","name":"REVISION_TEXT_TERM_COUNT","timestamp":1362441600000}],"Markings":{"entry":[{"key":"columnVisibility","value":"PUBLIC"}]},"Metadata":{"DataType":"enwiki","InternalId":"cv98z2.-7tx1b3.oz7tdj","Row":"20130305_0","Table":"shard"}}],"Fields":["CONTRIBUTOR_ID","CONTRIBUTOR_USERNAME","HAS_REVISION_COMMENT_CONTENT","HAS_REVISION_TEXT_CONTENT","LANGUAGE","LOAD_DATE","ORIG_FILE","PAGE_ID","PAGE_NAMESPACE","PAGE_TITLE","RECORD_ID","REVISION_COMMENT","REVISION_COMMENT_TERM_COUNT","REVISION_FORMAT","REVISION_ID","REVISION_MODEL","REVISION_PARENTID","REVISION_SHA1","REVISION_TEXT_SPACE","REVISION_TEXT_TERM_COUNT","REVISION_TIMESTAMP"],"HasResults":true,"LogicName":"EventQuery","OperationTimeMS":20,"PageNumber":1,"PartialResults":false,"QueryId":"4ec2724f-0e3a-4a0c-b8c6-63ac49965c67","ReturnedEvents":1}