<html><head><meta http-equiv="content-type" content="text/html; charset=UTF-8"/><title>DATAWAVE - Void Response</title><link rel='stylesheet' type='text/css' href='/screen.css' media='screen' /></head><body><h1>datawave.webservice.result.VoidResponse</h1><div><b>MESSAGES:</b><br/>4ec2724f-0e3a-4a0c-b8c6-63ac49965c67 closed.<br/><b>EXCEPTIONS:</b><br/></div><br/></body></html> 